---
http_interactions:
- request:
    method: post
    uri: https://api.mailgun.net/v2/<%= domain %>/unsubscribes
    body:
      encoding: US-ASCII
      string: address=test%40example.com&tag=newsletter
    headers:
      User-Agent:
      - PewPew Ruby Gem 0.0.1
      Authorization:
      - Basic <%= basic_auth %>
      Content-Type:
      - application/x-www-form-urlencoded
  response:
    status:
      code: 200
      message: 
    headers:
      server:
      - nginx/1.0.14
      date:
      - Sat, 02 Jun 2012 02:53:29 GMT
      content-type:
      - application/json
      connection:
      - close
      content-length:
      - '101'
      content-disposition:
      - inline
    body:
      encoding: US-ASCII
      string: ! "{\n  \"message\": \"Address has been added to the unsubscribes table\",
        \n  \"address\": \"test@example.com\"\n}"
    http_version: 
  recorded_at: Sat, 02 Jun 2012 02:53:29 GMT
- request:
    method: post
    uri: https://api.mailgun.net/v2/<%= domain %>/unsubscribes
    body:
      encoding: US-ASCII
      string: address=test%40example.com&tag=%2A
    headers:
      User-Agent:
      - PewPew Ruby Gem 0.0.1
      Authorization:
      - Basic <%= basic_auth %>
      Content-Type:
      - application/x-www-form-urlencoded
  response:
    status:
      code: 200
      message: 
    headers:
      server:
      - nginx/1.0.14
      date:
      - Sat, 02 Jun 2012 02:54:37 GMT
      content-type:
      - application/json
      connection:
      - close
      content-length:
      - '100'
      content-disposition:
      - inline
    body:
      encoding: US-ASCII
      string: ! "{\n  \"message\": \"Address has been added to the unsubscribes table\",\n
        \ \"address\": \"test@example.com\"\n}"
    http_version: 
  recorded_at: Sat, 02 Jun 2012 02:54:37 GMT
- request:
    method: get
    uri: https://api.mailgun.net/v2/<%= domain %>/unsubscribes/test@example.com
    body:
      encoding: US-ASCII
      string: ''
    headers:
      User-Agent:
      - PewPew Ruby Gem 0.0.1
      Authorization:
      - Basic <%= basic_auth %>
  response:
    status:
      code: 200
      message: 
    headers:
      server:
      - nginx/1.0.14
      date:
      - Sat, 02 Jun 2012 02:55:33 GMT
      content-type:
      - application/json
      connection:
      - close
      content-length:
      - '368'
      content-disposition:
      - inline
    body:
      encoding: US-ASCII
      string: ! "{\n  \"total_count\": 2,\n  \"items\": [\n    {\n      \"created_at\":
        \"Sat, 02 Jun 2012 02:54:37 GMT\",\n      \"tag\": \"*\",\n      \"id\": \"4fc9806d8393c1618264c360\",\n
        \     \"address\": \"test@example.com\"\n    },\n    {\n      \"created_at\":
        \"Sat, 02 Jun 2012 02:53:29 GMT\",\n      \"tag\": \"newsletter\",\n      \"id\":
        \"4fc980298393c1618264c34d\",\n      \"address\": \"test@example.com\"\n    }\n
        \ ]\n}"
    http_version: 
  recorded_at: Sat, 02 Jun 2012 02:55:33 GMT
- request:
    method: get
    uri: https://api.mailgun.net/v2/<%= domain %>/unsubscribes
    body:
      encoding: US-ASCII
      string: ''
    headers:
      User-Agent:
      - PewPew Ruby Gem 0.0.1
      Authorization:
      - Basic <%= basic_auth %>
  response:
    status:
      code: 200
      message: 
    headers:
      server:
      - nginx/1.0.14
      date:
      - Sat, 02 Jun 2012 02:58:24 GMT
      content-type:
      - application/json
      connection:
      - close
      content-length:
      - '376'
      content-disposition:
      - inline
    body:
      encoding: US-ASCII
      string: ! "{\n  \"total_count\": 2, \n  \"items\": [\n    {\n      \"created_at\":
        \"Sat, 02 Jun 2012 02:54:37 GMT\", \n      \"tag\": \"*\", \n      \"id\":
        \"4fc9806d8393c1618264c360\", \n      \"address\": \"test@example.com\"\n
        \   }, \n    {\n      \"created_at\": \"Sat, 02 Jun 2012 02:53:29 GMT\", \n
        \     \"tag\": \"newsletter\", \n      \"id\": \"4fc980298393c1618264c34d\",
        \n      \"address\": \"test@example.com\"\n    }\n  ]\n}"
    http_version: 
  recorded_at: Sat, 02 Jun 2012 02:58:24 GMT
- request:
    method: delete
    uri: https://api.mailgun.net/v2/<%= domain %>/unsubscribes/4fc9806d8393c1618264c360
    body:
      encoding: US-ASCII
      string: ''
    headers:
      User-Agent:
      - PewPew Ruby Gem 0.0.1
      Authorization:
      - Basic <%= basic_auth %>
  response:
    status:
      code: 200
      message: 
    headers:
      server:
      - nginx/1.0.14
      date:
      - Sat, 02 Jun 2012 02:59:33 GMT
      content-type:
      - application/json
      connection:
      - close
      content-length:
      - '94'
      content-disposition:
      - inline
    body:
      encoding: US-ASCII
      string: ! "{\n  \"message\": \"Unsubscribe event has been removed\",\n  \"address\":
        \"4fc9806d8393c1618264c360\"\n}"
    http_version: 
  recorded_at: Sat, 02 Jun 2012 02:59:33 GMT
- request:
    method: delete
    uri: https://api.mailgun.net/v2/<%= domain %>/unsubscribes/test@example.com
    body:
      encoding: US-ASCII
      string: ''
    headers:
      User-Agent:
      - PewPew Ruby Gem 0.0.1
      Authorization:
      - Basic <%= basic_auth %>
  response:
    status:
      code: 200
      message: 
    headers:
      server:
      - nginx/1.0.14
      date:
      - Sat, 02 Jun 2012 02:59:52 GMT
      content-type:
      - application/json
      connection:
      - close
      content-length:
      - '86'
      content-disposition:
      - inline
    body:
      encoding: US-ASCII
      string: ! "{\n  \"message\": \"Unsubscribe event has been removed\",\n  \"address\":
        \"test@example.com\"\n}"
    http_version: 
  recorded_at: Sat, 02 Jun 2012 02:59:52 GMT
recorded_with: VCR 2.2.0
